Archive member included to satisfy reference by file (symbol)

/usr/lib/gcc/arm-none-eabi/9.2.1/../../../arm-none-eabi/lib/thumb/v7-m/nofp/libc_nano.a(lib_a-atexit.o)
                              /usr/lib/gcc/arm-none-eabi/9.2.1/../../../arm-none-eabi/lib/thumb/v7-m/nofp/crt0.o (atexit)
/usr/lib/gcc/arm-none-eabi/9.2.1/../../../arm-none-eabi/lib/thumb/v7-m/nofp/libc_nano.a(lib_a-exit.o)
                              /usr/lib/gcc/arm-none-eabi/9.2.1/../../../arm-none-eabi/lib/thumb/v7-m/nofp/crt0.o (exit)
/usr/lib/gcc/arm-none-eabi/9.2.1/../../../arm-none-eabi/lib/thumb/v7-m/nofp/libc_nano.a(lib_a-fini.o)
                              /usr/lib/gcc/arm-none-eabi/9.2.1/../../../arm-none-eabi/lib/thumb/v7-m/nofp/crt0.o (__libc_fini_array)
/usr/lib/gcc/arm-none-eabi/9.2.1/../../../arm-none-eabi/lib/thumb/v7-m/nofp/libc_nano.a(lib_a-impure.o)
                              /usr/lib/gcc/arm-none-eabi/9.2.1/../../../arm-none-eabi/lib/thumb/v7-m/nofp/libc_nano.a(lib_a-exit.o) (_global_impure_ptr)
/usr/lib/gcc/arm-none-eabi/9.2.1/../../../arm-none-eabi/lib/thumb/v7-m/nofp/libc_nano.a(lib_a-init.o)
                              /usr/lib/gcc/arm-none-eabi/9.2.1/../../../arm-none-eabi/lib/thumb/v7-m/nofp/crt0.o (__libc_init_array)
/usr/lib/gcc/arm-none-eabi/9.2.1/../../../arm-none-eabi/lib/thumb/v7-m/nofp/libc_nano.a(lib_a-itoa.o)
                              build/uart.o (itoa)
/usr/lib/gcc/arm-none-eabi/9.2.1/../../../arm-none-eabi/lib/thumb/v7-m/nofp/libc_nano.a(lib_a-memset.o)
                              /usr/lib/gcc/arm-none-eabi/9.2.1/../../../arm-none-eabi/lib/thumb/v7-m/nofp/crt0.o (memset)
/usr/lib/gcc/arm-none-eabi/9.2.1/../../../arm-none-eabi/lib/thumb/v7-m/nofp/libc_nano.a(lib_a-strlen-stub.o)
                              build/uart.o (strlen)
/usr/lib/gcc/arm-none-eabi/9.2.1/../../../arm-none-eabi/lib/thumb/v7-m/nofp/libc_nano.a(lib_a-utoa.o)
                              /usr/lib/gcc/arm-none-eabi/9.2.1/../../../arm-none-eabi/lib/thumb/v7-m/nofp/libc_nano.a(lib_a-itoa.o) (__utoa)
/usr/lib/gcc/arm-none-eabi/9.2.1/../../../arm-none-eabi/lib/thumb/v7-m/nofp/libc_nano.a(lib_a-__atexit.o)
                              /usr/lib/gcc/arm-none-eabi/9.2.1/../../../arm-none-eabi/lib/thumb/v7-m/nofp/libc_nano.a(lib_a-atexit.o) (__register_exitproc)
/usr/lib/gcc/arm-none-eabi/9.2.1/../../../arm-none-eabi/lib/thumb/v7-m/nofp/libc_nano.a(lib_a-__call_atexit.o)
                              /usr/lib/gcc/arm-none-eabi/9.2.1/../../../arm-none-eabi/lib/thumb/v7-m/nofp/libc_nano.a(lib_a-__atexit.o) (__call_exitprocs)
/usr/lib/gcc/arm-none-eabi/9.2.1/../../../arm-none-eabi/lib/thumb/v7-m/nofp/libnosys.a(_exit.o)
                              /usr/lib/gcc/arm-none-eabi/9.2.1/../../../arm-none-eabi/lib/thumb/v7-m/nofp/libc_nano.a(lib_a-exit.o) (_exit)

Allocating common symbols
Common symbol       size              file

uwTick              0x4               build/stm32f1xx_hal.o
pFlash              0x20              build/stm32f1xx_hal_flash.o
huart1              0x40              build/main.o

Discarded input sections

 .text          0x0000000000000000        0x0 /usr/lib/gcc/arm-none-eabi/9.2.1/thumb/v7-m/nofp/crti.o
 .data          0x0000000000000000        0x0 /usr/lib/gcc/arm-none-eabi/9.2.1/thumb/v7-m/nofp/crti.o
 .bss           0x0000000000000000        0x0 /usr/lib/gcc/arm-none-eabi/9.2.1/thumb/v7-m/nofp/crti.o
 .data          0x0000000000000000        0x4 /usr/lib/gcc/arm-none-eabi/9.2.1/thumb/v7-m/nofp/crtbegin.o
 .text          0x0000000000000000       0x70 /usr/lib/gcc/arm-none-eabi/9.2.1/../../../arm-none-eabi/lib/thumb/v7-m/nofp/crt0.o
 .data          0x0000000000000000        0x0 /usr/lib/gcc/arm-none-eabi/9.2.1/../../../arm-none-eabi/lib/thumb/v7-m/nofp/crt0.o
 .bss           0x0000000000000000        0x0 /usr/lib/gcc/arm-none-eabi/9.2.1/../../../arm-none-eabi/lib/thumb/v7-m/nofp/crt0.o
 .ARM.extab     0x0000000000000000        0x0 /usr/lib/gcc/arm-none-eabi/9.2.1/../../../arm-none-eabi/lib/thumb/v7-m/nofp/crt0.o
 .ARM.exidx     0x0000000000000000       0x10 /usr/lib/gcc/arm-none-eabi/9.2.1/../../../arm-none-eabi/lib/thumb/v7-m/nofp/crt0.o
 .debug_line    0x0000000000000000       0x87 /usr/lib/gcc/arm-none-eabi/9.2.1/../../../arm-none-eabi/lib/thumb/v7-m/nofp/crt0.o
 .debug_info    0x0000000000000000       0x26 /usr/lib/gcc/arm-none-eabi/9.2.1/../../../arm-none-eabi/lib/thumb/v7-m/nofp/crt0.o
 .debug_abbrev  0x0000000000000000       0x14 /usr/lib/gcc/arm-none-eabi/9.2.1/../../../arm-none-eabi/lib/thumb/v7-m/nofp/crt0.o
 .debug_aranges
                0x0000000000000000       0x20 /usr/lib/gcc/arm-none-eabi/9.2.1/../../../arm-none-eabi/lib/thumb/v7-m/nofp/crt0.o
 .debug_str     0x0000000000000000       0x94 /usr/lib/gcc/arm-none-eabi/9.2.1/../../../arm-none-eabi/lib/thumb/v7-m/nofp/crt0.o
 .ARM.attributes
                0x0000000000000000       0x1b /usr/lib/gcc/arm-none-eabi/9.2.1/../../../arm-none-eabi/lib/thumb/v7-m/nofp/crt0.o
 .text          0x0000000000000000        0x0 build/main.o
[...]
Memory Configuration

Name             Origin             Length             Attributes
RAM              0x0000000020000000 0x0000000000005000 xrw
FLASH            0x0000000008000000 0x0000000000010000 xr
*default*        0x0000000000000000 0xffffffffffffffff

Linker script and memory map

LOAD /usr/lib/gcc/arm-none-eabi/9.2.1/thumb/v7-m/nofp/crti.o
LOAD /usr/lib/gcc/arm-none-eabi/9.2.1/thumb/v7-m/nofp/crtbegin.o
LOAD /usr/lib/gcc/arm-none-eabi/9.2.1/../../../arm-none-eabi/lib/thumb/v7-m/nofp/crt0.o
LOAD build/main.o
LOAD build/gpio.o
LOAD build/stm32f1xx_it.o
LOAD build/stm32f1xx_hal_msp.o
LOAD build/stm32f1xx_hal_gpio_ex.o
LOAD build/stm32f1xx_hal_tim.o
LOAD build/stm32f1xx_hal_tim_ex.o
LOAD build/stm32f1xx_hal.o
LOAD build/stm32f1xx_hal_rcc.o
LOAD build/stm32f1xx_hal_rcc_ex.o
LOAD build/stm32f1xx_hal_gpio.o
LOAD build/stm32f1xx_hal_dma.o
LOAD build/stm32f1xx_hal_cortex.o
LOAD build/stm32f1xx_hal_pwr.o
LOAD build/stm32f1xx_hal_flash.o
LOAD build/stm32f1xx_hal_flash_ex.o
LOAD build/stm32f1xx_hal_uart.o
LOAD build/system_stm32f1xx.o
LOAD build/usart.o
LOAD build/uart.o
LOAD build/startup_stm32f103xb.o
LOAD /usr/lib/gcc/arm-none-eabi/9.2.1/../../../arm-none-eabi/lib/thumb/v7-m/nofp/libc_nano.a
LOAD /usr/lib/gcc/arm-none-eabi/9.2.1/../../../arm-none-eabi/lib/thumb/v7-m/nofp/libm.a
LOAD /usr/lib/gcc/arm-none-eabi/9.2.1/../../../arm-none-eabi/lib/thumb/v7-m/nofp/libnosys.a
START GROUP
LOAD /usr/lib/gcc/arm-none-eabi/9.2.1/thumb/v7-m/nofp/libgcc.a
LOAD /usr/lib/gcc/arm-none-eabi/9.2.1/../../../arm-none-eabi/lib/thumb/v7-m/nofp/libc_nano.a
END GROUP
START GROUP
LOAD /usr/lib/gcc/arm-none-eabi/9.2.1/thumb/v7-m/nofp/libgcc.a
LOAD /usr/lib/gcc/arm-none-eabi/9.2.1/../../../arm-none-eabi/lib/thumb/v7-m/nofp/libc_nano.a
END GROUP
LOAD /usr/lib/gcc/arm-none-eabi/9.2.1/thumb/v7-m/nofp/crtend.o
LOAD /usr/lib/gcc/arm-none-eabi/9.2.1/thumb/v7-m/nofp/crtn.o
                0x0000000020005000                _estack = 0x20005000
                0x0000000000000200                _Min_Heap_Size = 0x200
                0x0000000000000400                _Min_Stack_Size = 0x400

.isr_vector     0x0000000008000000      0x10c
                0x0000000008000000                . = ALIGN (0x4)
 *(.isr_vector)
 .isr_vector    0x0000000008000000      0x10c build/startup_stm32f103xb.o
                0x0000000008000000                g_pfnVectors
                0x000000000800010c                . = ALIGN (0x4)

.text           0x000000000800010c     0x10c8
                0x000000000800010c                . = ALIGN (0x4)
 *(.text)
 .text          0x000000000800010c       0x88 /usr/lib/gcc/arm-none-eabi/9.2.1/thumb/v7-m/nofp/crtbegin.o
 .text          0x0000000008000194       0x48 /usr/lib/gcc/arm-none-eabi/9.2.1/../../../arm-none-eabi/lib/thumb/v7-m/nofp/libc_nano.a(lib_a-init.o)
                0x0000000008000194                __libc_init_array
 .text          0x00000000080001dc       0x5c /usr/lib/gcc/arm-none-eabi/9.2.1/../../../arm-none-eabi/lib/thumb/v7-m/nofp/libc_nano.a(lib_a-strlen-stub.o)
                0x00000000080001dc                strlen
 *(.text*)
 .text.SystemClock_Config
                0x0000000008000238       0x52 build/main.o
                0x0000000008000238                SystemClock_Config
 *fill*         0x000000000800028a        0x2 
 .text.main     0x000000000800028c       0x30 build/main.o
                0x000000000800028c                main
 .text.Error_Handler
                0x00000000080002bc        0x2 build/main.o
                0x00000000080002bc                Error_Handler
 *fill*         0x00000000080002be        0x2 
 .text.MX_GPIO_Init
                0x00000000080002c0       0x30 build/gpio.o
                0x00000000080002c0                MX_GPIO_Init
 .text.NMI_Handler
                0x00000000080002f0        0x2 build/stm32f1xx_it.o
                0x00000000080002f0                NMI_Handler
 .text.HardFault_Handler
                0x00000000080002f2        0x2 build/stm32f1xx_it.o
                0x00000000080002f2                HardFault_Handler
 .text.MemManage_Handler
                0x00000000080002f4        0x2 build/stm32f1xx_it.o
                0x00000000080002f4                MemManage_Handler
 .text.BusFault_Handler
                0x00000000080002f6        0x2 build/stm32f1xx_it.o
                0x00000000080002f6                BusFault_Handler
 .text.UsageFault_Handler
                0x00000000080002f8        0x2 build/stm32f1xx_it.o
                0x00000000080002f8                UsageFault_Handler
 .text.SVC_Handler
                0x00000000080002fa        0x2 build/stm32f1xx_it.o
                0x00000000080002fa                SVC_Handler
 .text.DebugMon_Handler
                0x00000000080002fc        0x2 build/stm32f1xx_it.o
                0x00000000080002fc                DebugMon_Handler
 .text.PendSV_Handler
                0x00000000080002fe        0x2 build/stm32f1xx_it.o
                0x00000000080002fe                PendSV_Handler
 .text.SysTick_Handler
                0x0000000008000300        0x8 build/stm32f1xx_it.o
                0x0000000008000300                SysTick_Handler
 .text.HAL_MspInit
                0x0000000008000308       0x44 build/stm32f1xx_hal_msp.o
                0x0000000008000308                HAL_MspInit
 .text.HAL_InitTick
                0x000000000800034c       0x4c build/stm32f1xx_hal.o
                0x000000000800034c                HAL_InitTick
 .text.HAL_Init
                0x0000000008000398       0x24 build/stm32f1xx_hal.o
                0x0000000008000398                HAL_Init
 .text.HAL_IncTick
                0x00000000080003bc       0x18 build/stm32f1xx_hal.o
                0x00000000080003bc                HAL_IncTick
 .text.HAL_GetTick
                0x00000000080003d4        0xc build/stm32f1xx_hal.o
                0x00000000080003d4                HAL_GetTick
 .text.HAL_Delay
                0x00000000080003e0       0x28 build/stm32f1xx_hal.o
                0x00000000080003e0                HAL_Delay
 .text.RCC_Delay
                0x0000000008000408       0x2c build/stm32f1xx_hal_rcc.o
 .text.HAL_RCC_OscConfig
                0x0000000008000434      0x3e0 build/stm32f1xx_hal_rcc.o
                0x0000000008000434                HAL_RCC_OscConfig
 .text.HAL_RCC_GetSysClockFreq
                0x0000000008000814       0x6c build/stm32f1xx_hal_rcc.o
                0x0000000008000814                HAL_RCC_GetSysClockFreq
 .text.HAL_RCC_ClockConfig
                0x0000000008000880      0x19c build/stm32f1xx_hal_rcc.o
                0x0000000008000880                HAL_RCC_ClockConfig
 .text.HAL_RCC_GetHCLKFreq
                0x0000000008000a1c        0xc build/stm32f1xx_hal_rcc.o
                0x0000000008000a1c                HAL_RCC_GetHCLKFreq
 .text.HAL_RCC_GetPCLK1Freq
                0x0000000008000a28       0x20 build/stm32f1xx_hal_rcc.o
                0x0000000008000a28                HAL_RCC_GetPCLK1Freq
 .text.HAL_RCC_GetPCLK2Freq
                0x0000000008000a48       0x20 build/stm32f1xx_hal_rcc.o
                0x0000000008000a48                HAL_RCC_GetPCLK2Freq
 .text.HAL_GPIO_Init
                0x0000000008000a68      0x1ec build/stm32f1xx_hal_gpio.o
                0x0000000008000a68                HAL_GPIO_Init
 .text.HAL_NVIC_SetPriorityGrouping
                0x0000000008000c54       0x24 build/stm32f1xx_hal_cortex.o
                0x0000000008000c54                HAL_NVIC_SetPriorityGrouping
 .text.HAL_NVIC_SetPriority
                0x0000000008000c78       0x64 build/stm32f1xx_hal_cortex.o
                0x0000000008000c78                HAL_NVIC_SetPriority
 .text.HAL_SYSTICK_Config
                0x0000000008000cdc       0x2c build/stm32f1xx_hal_cortex.o
                0x0000000008000cdc                HAL_SYSTICK_Config
 .text.UART_SetConfig
                0x0000000008000d08      0x1b0 build/stm32f1xx_hal_uart.o
 .text.UART_WaitOnFlagUntilTimeout
                0x0000000008000eb8       0x64 build/stm32f1xx_hal_uart.o
 .text.HAL_UART_Init
                0x0000000008000f1c       0x5e build/stm32f1xx_hal_uart.o
                0x0000000008000f1c                HAL_UART_Init
 .text.HAL_UART_Transmit
                0x0000000008000f7a       0xe2 build/stm32f1xx_hal_uart.o
                0x0000000008000f7a                HAL_UART_Transmit
 .text.SystemInit
                0x000000000800105c       0x4c build/system_stm32f1xx.o
                0x000000000800105c                SystemInit
 .text.MX_USART1_UART_Init
                0x00000000080010a8       0x34 build/usart.o
                0x00000000080010a8                MX_USART1_UART_Init
 .text.HAL_UART_MspInit
                0x00000000080010dc       0x78 build/usart.o
                0x00000000080010dc                HAL_UART_MspInit
 .text.uart_print
                0x0000000008001154       0x1c build/uart.o
                0x0000000008001154                uart_print
 .text.Reset_Handler
                0x0000000008001170       0x48 build/startup_stm32f103xb.o
                0x0000000008001170                Reset_Handler
 .text.Default_Handler
                0x00000000080011b8        0x2 build/startup_stm32f103xb.o
                0x00000000080011b8                RTC_Alarm_IRQHandler
                0x00000000080011b8                EXTI2_IRQHandler
                0x00000000080011b8                TIM1_CC_IRQHandler
                0x00000000080011b8                PVD_IRQHandler
                0x00000000080011b8                EXTI3_IRQHandler
                0x00000000080011b8                EXTI0_IRQHandler
                0x00000000080011b8                I2C2_EV_IRQHandler
                0x00000000080011b8                ADC1_2_IRQHandler
                0x00000000080011b8                SPI1_IRQHandler
                0x00000000080011b8                TAMPER_IRQHandler
                0x00000000080011b8                DMA1_Channel4_IRQHandler
                0x00000000080011b8                USART3_IRQHandler
                0x00000000080011b8                RTC_IRQHandler
                0x00000000080011b8                DMA1_Channel7_IRQHandler
                0x00000000080011b8                CAN1_RX1_IRQHandler
                0x00000000080011b8                TIM4_IRQHandler
                0x00000000080011b8                I2C1_EV_IRQHandler
                0x00000000080011b8                DMA1_Channel6_IRQHandler
                0x00000000080011b8                TIM3_IRQHandler
                0x00000000080011b8                RCC_IRQHandler
                0x00000000080011b8                TIM1_TRG_COM_IRQHandler
                0x00000000080011b8                DMA1_Channel1_IRQHandler
                0x00000000080011b8                Default_Handler
                0x00000000080011b8                EXTI15_10_IRQHandler
                0x00000000080011b8                EXTI9_5_IRQHandler
                0x00000000080011b8                SPI2_IRQHandler
                0x00000000080011b8                DMA1_Channel5_IRQHandler
                0x00000000080011b8                EXTI4_IRQHandler
                0x00000000080011b8                USB_LP_CAN1_RX0_IRQHandler
                0x00000000080011b8                USB_HP_CAN1_TX_IRQHandler
                0x00000000080011b8                DMA1_Channel3_IRQHandler
                0x00000000080011b8                TIM1_UP_IRQHandler
                0x00000000080011b8                WWDG_IRQHandler
                0x00000000080011b8                TIM2_IRQHandler
                0x00000000080011b8                TIM1_BRK_IRQHandler
                0x00000000080011b8                EXTI1_IRQHandler
                0x00000000080011b8                USART2_IRQHandler
                0x00000000080011b8                I2C2_ER_IRQHandler
                0x00000000080011b8                DMA1_Channel2_IRQHandler
                0x00000000080011b8                CAN1_SCE_IRQHandler
                0x00000000080011b8                FLASH_IRQHandler
                0x00000000080011b8                USART1_IRQHandler
                0x00000000080011b8                I2C1_ER_IRQHandler
                0x00000000080011b8                USBWakeUp_IRQHandler
 *(.glue_7)
 .glue_7        0x00000000080011ba        0x0 linker stubs
 *(.glue_7t)
 .glue_7t       0x00000000080011ba        0x0 linker stubs
 *(.eh_frame)
 *fill*         0x00000000080011ba        0x2 
 .eh_frame      0x00000000080011bc        0x0 /usr/lib/gcc/arm-none-eabi/9.2.1/thumb/v7-m/nofp/crtbegin.o
 *(.init)
 .init          0x00000000080011bc        0x4 /usr/lib/gcc/arm-none-eabi/9.2.1/thumb/v7-m/nofp/crti.o
                0x00000000080011bc                _init
 .init          0x00000000080011c0        0x8 /usr/lib/gcc/arm-none-eabi/9.2.1/thumb/v7-m/nofp/crtn.o
 *(.fini)
 .fini          0x00000000080011c8        0x4 /usr/lib/gcc/arm-none-eabi/9.2.1/thumb/v7-m/nofp/crti.o
                0x00000000080011c8                _fini
 .fini          0x00000000080011cc        0x8 /usr/lib/gcc/arm-none-eabi/9.2.1/thumb/v7-m/nofp/crtn.o
                0x00000000080011d4                . = ALIGN (0x4)
                0x00000000080011d4                _etext = .

.vfp11_veneer   0x00000000080011d4        0x0
 .vfp11_veneer  0x00000000080011d4        0x0 linker stubs

.v4_bx          0x00000000080011d4        0x0
 .v4_bx         0x00000000080011d4        0x0 linker stubs

.iplt           0x00000000080011d4        0x0
 .iplt          0x00000000080011d4        0x0 /usr/lib/gcc/arm-none-eabi/9.2.1/thumb/v7-m/nofp/crtbegin.o

.rodata         0x00000000080011d4       0x38
                0x00000000080011d4                . = ALIGN (0x4)
 *(.rodata)
 .rodata        0x00000000080011d4       0x12 build/stm32f1xx_hal_rcc.o
 *(.rodata*)
 *fill*         0x00000000080011e6        0x2 
 .rodata.main.str1.4
                0x00000000080011e8        0xa build/main.o
 *fill*         0x00000000080011f2        0x2 
 .rodata.AHBPrescTable
                0x00000000080011f4       0x10 build/system_stm32f1xx.o
                0x00000000080011f4                AHBPrescTable
 .rodata.APBPrescTable
                0x0000000008001204        0x8 build/system_stm32f1xx.o
                0x0000000008001204                APBPrescTable
                0x000000000800120c                . = ALIGN (0x4)

.rel.dyn        0x000000000800120c        0x0
 .rel.iplt      0x000000000800120c        0x0 /usr/lib/gcc/arm-none-eabi/9.2.1/thumb/v7-m/nofp/crtbegin.o

.ARM.extab
 *(.ARM.extab* .gnu.linkonce.armextab.*)

.ARM            0x000000000800120c        0x0
                0x000000000800120c                __exidx_start = .
 *(.ARM.exidx*)
                0x000000000800120c                __exidx_end = .

.preinit_array  0x000000000800120c        0x0
                0x000000000800120c                PROVIDE (__preinit_array_start = .)
 *(.preinit_array*)
                0x000000000800120c                PROVIDE (__preinit_array_end = .)

.init_array     0x000000000800120c        0x4
                0x000000000800120c                PROVIDE (__init_array_start = .)
 *(SORT_BY_NAME(.init_array.*))
 *(.init_array*)
 .init_array    0x000000000800120c        0x4 /usr/lib/gcc/arm-none-eabi/9.2.1/thumb/v7-m/nofp/crtbegin.o
                0x0000000008001210                PROVIDE (__init_array_end = .)

.fini_array     0x0000000008001210        0x4
                0x0000000008001210                PROVIDE (__fini_array_start = .)
 *(SORT_BY_NAME(.fini_array.*))
 *(.fini_array*)
 .fini_array    0x0000000008001210        0x4 /usr/lib/gcc/arm-none-eabi/9.2.1/thumb/v7-m/nofp/crtbegin.o
                0x0000000008001214                PROVIDE (__fini_array_end = .)
                0x0000000008001214                _sidata = LOADADDR (.data)

.data           0x0000000020000000        0xc load address 0x0000000008001214
                0x0000000020000000                . = ALIGN (0x4)
                0x0000000020000000                _sdata = .
 *(.data)
 *(.data*)
 .data.uwTickFreq
                0x0000000020000000        0x1 build/stm32f1xx_hal.o
                0x0000000020000000                uwTickFreq
 *fill*         0x0000000020000001        0x3 
 .data.uwTickPrio
                0x0000000020000004        0x4 build/stm32f1xx_hal.o
                0x0000000020000004                uwTickPrio
 .data.SystemCoreClock
                0x0000000020000008        0x4 build/system_stm32f1xx.o
                0x0000000020000008                SystemCoreClock
                0x000000002000000c                . = ALIGN (0x4)
                0x000000002000000c                _edata = .

.tm_clone_table
                0x000000002000000c        0x0 load address 0x0000000008001220
 .tm_clone_table
                0x000000002000000c        0x0 /usr/lib/gcc/arm-none-eabi/9.2.1/thumb/v7-m/nofp/crtbegin.o
 .tm_clone_table
                0x000000002000000c        0x0 /usr/lib/gcc/arm-none-eabi/9.2.1/thumb/v7-m/nofp/crtend.o

.igot.plt       0x000000002000000c        0x0 load address 0x0000000008001220
 .igot.plt      0x000000002000000c        0x0 /usr/lib/gcc/arm-none-eabi/9.2.1/thumb/v7-m/nofp/crtbegin.o
                0x000000002000000c                . = ALIGN (0x4)

.bss            0x000000002000000c       0x60 load address 0x0000000008001220
                0x000000002000000c                _sbss = .
                0x000000002000000c                __bss_start__ = _sbss
 *(.bss)
 .bss           0x000000002000000c       0x1c /usr/lib/gcc/arm-none-eabi/9.2.1/thumb/v7-m/nofp/crtbegin.o
 *(.bss*)
 *(COMMON)
 COMMON         0x0000000020000028       0x40 build/main.o
                0x0000000020000028                huart1
 COMMON         0x0000000020000068        0x4 build/stm32f1xx_hal.o
                0x0000000020000068                uwTick
                0x000000002000006c                . = ALIGN (0x4)
                0x000000002000006c                _ebss = .
                0x000000002000006c                __bss_end__ = _ebss

._user_heap_stack
                0x000000002000006c      0x604 load address 0x0000000008001220
                0x0000000020000070                . = ALIGN (0x8)
 *fill*         0x000000002000006c        0x4 
                [!provide]                        PROVIDE (end = .)
                [!provide]                        PROVIDE (_end = .)
                0x0000000020000270                . = (. + _Min_Heap_Size)
 *fill*         0x0000000020000070      0x200 
                0x0000000020000670                . = (. + _Min_Stack_Size)
 *fill*         0x0000000020000270      0x400 
                0x0000000020000670                . = ALIGN (0x8)

/DISCARD/
 libc.a(*)
 libm.a(*)
 libgcc.a(*)

.ARM.attributes
                0x0000000000000000       0x29
 *(.ARM.attributes)
 .ARM.attributes
                0x0000000000000000       0x1d /usr/lib/gcc/arm-none-eabi/9.2.1/thumb/v7-m/nofp/crti.o
 .ARM.attributes
                0x000000000000001d       0x2d /usr/lib/gcc/arm-none-eabi/9.2.1/thumb/v7-m/nofp/crtbegin.o
 .ARM.attributes
                0x000000000000004a       0x2d build/main.o
 .ARM.attributes
                0x0000000000000077       0x33 build/gpio.o
 .ARM.attributes
                0x00000000000000aa       0x33 build/stm32f1xx_it.o
 .ARM.attributes
                0x00000000000000dd       0x33 build/stm32f1xx_hal_msp.o
 .ARM.attributes
                0x0000000000000110       0x33 build/stm32f1xx_hal.o
 .ARM.attributes
                0x0000000000000143       0x33 build/stm32f1xx_hal_rcc.o
 .ARM.attributes
                0x0000000000000176       0x33 build/stm32f1xx_hal_gpio.o
 .ARM.attributes
                0x00000000000001a9       0x33 build/stm32f1xx_hal_cortex.o
 .ARM.attributes
                0x00000000000001dc       0x33 build/stm32f1xx_hal_uart.o
 .ARM.attributes
                0x000000000000020f       0x33 build/system_stm32f1xx.o
 .ARM.attributes
                0x0000000000000242       0x33 build/usart.o
 .ARM.attributes
                0x0000000000000275       0x33 build/uart.o
 .ARM.attributes
                0x00000000000002a8       0x21 build/startup_stm32f103xb.o
 .ARM.attributes
                0x00000000000002c9       0x2d /usr/lib/gcc/arm-none-eabi/9.2.1/../../../arm-none-eabi/lib/thumb/v7-m/nofp/libc_nano.a(lib_a-init.o)
 .ARM.attributes
                0x00000000000002f6       0x2d /usr/lib/gcc/arm-none-eabi/9.2.1/../../../arm-none-eabi/lib/thumb/v7-m/nofp/libc_nano.a(lib_a-strlen-stub.o)
 .ARM.attributes
                0x0000000000000323       0x2d /usr/lib/gcc/arm-none-eabi/9.2.1/thumb/v7-m/nofp/crtend.o
 .ARM.attributes
                0x0000000000000350       0x1d /usr/lib/gcc/arm-none-eabi/9.2.1/thumb/v7-m/nofp/crtn.o
OUTPUT(build/Cubesat.elf elf32-littlearm)
LOAD linker stubs
LOAD /usr/lib/gcc/arm-none-eabi/9.2.1/../../../arm-none-eabi/lib/thumb/v7-m/nofp/libc.a
LOAD /usr/lib/gcc/arm-none-eabi/9.2.1/../../../arm-none-eabi/lib/thumb/v7-m/nofp/libm.a
LOAD /usr/lib/gcc/arm-none-eabi/9.2.1/thumb/v7-m/nofp/libgcc.a

.comment        0x0000000000000000       0xd8
 .comment       0x0000000000000000       0x59 /usr/lib/gcc/arm-none-eabi/9.2.1/thumb/v7-m/nofp/crtbegin.o
                                         0x5a (size before relaxing)
 .comment       0x0000000000000059       0x5a build/main.o
 .comment       0x0000000000000059       0x31 build/gpio.o
                                         0x32 (size before relaxing)
 .comment       0x000000000000008a       0x32 build/stm32f1xx_it.o
 .comment       0x000000000000008a       0x32 build/stm32f1xx_hal_msp.o
 .comment       0x000000000000008a       0x32 build/stm32f1xx_hal.o
 .comment       0x000000000000008a       0x32 build/stm32f1xx_hal_rcc.o
 .comment       0x000000000000008a       0x32 build/stm32f1xx_hal_gpio.o
 .comment       0x000000000000008a       0x32 build/stm32f1xx_hal_cortex.o
 .comment       0x000000000000008a       0x32 build/stm32f1xx_hal_uart.o
 .comment       0x000000000000008a       0x32 build/system_stm32f1xx.o
 .comment       0x000000000000008a       0x32 build/usart.o
 .comment       0x000000000000008a       0x32 build/uart.o
 .comment       0x000000000000008a       0x4e /usr/lib/gcc/arm-none-eabi/9.2.1/../../../arm-none-eabi/lib/thumb/v7-m/nofp/libc_nano.a(lib_a-init.o)
                                         0x4f (size before relaxing)
 .comment       0x00000000000000d8       0x4f /usr/lib/gcc/arm-none-eabi/9.2.1/../../../arm-none-eabi/lib/thumb/v7-m/nofp/libc_nano.a(lib_a-strlen-stub.o)
 .comment       0x00000000000000d8       0x5a /usr/lib/gcc/arm-none-eabi/9.2.1/thumb/v7-m/nofp/crtend.o

.debug_info     0x0000000000000000     0xe197
 .debug_info    0x0000000000000000     0x126e build/main.o
 .debug_info    0x000000000000126e      0xb58 build/gpio.o
 .debug_info    0x0000000000001dc6      0xfcf build/stm32f1xx_it.o
 .debug_info    0x0000000000002d95      0xbe9 build/stm32f1xx_hal_msp.o
 .debug_info    0x000000000000397e     0x1126 build/stm32f1xx_hal.o
 .debug_info    0x0000000000004aa4     0x13b8 build/stm32f1xx_hal_rcc.o
 .debug_info    0x0000000000005e5c     0x1009 build/stm32f1xx_hal_gpio.o
 .debug_info    0x0000000000006e65     0x1633 build/stm32f1xx_hal_cortex.o
 .debug_info    0x0000000000008498     0x20fa build/stm32f1xx_hal_uart.o
 .debug_info    0x000000000000a592      0xd7c build/system_stm32f1xx.o
 .debug_info    0x000000000000b30e     0x11ea build/usart.o
 .debug_info    0x000000000000c4f8     0x1222 build/uart.o
 .debug_info    0x000000000000d71a       0x22 build/startup_stm32f103xb.o
 .debug_info    0x000000000000d73c      0x11a /usr/lib/gcc/arm-none-eabi/9.2.1/../../../arm-none-eabi/lib/thumb/v7-m/nofp/libc_nano.a(lib_a-init.o)
 .debug_info    0x000000000000d856      0x941 /usr/lib/gcc/arm-none-eabi/9.2.1/../../../arm-none-eabi/lib/thumb/v7-m/nofp/libc_nano.a(lib_a-strlen-stub.o)

.debug_abbrev   0x0000000000000000     0x210f
 .debug_abbrev  0x0000000000000000      0x294 build/main.o
 .debug_abbrev  0x0000000000000294      0x1d3 build/gpio.o
 .debug_abbrev  0x0000000000000467      0x1f4 build/stm32f1xx_it.o
 .debug_abbrev  0x000000000000065b      0x1d3 build/stm32f1xx_hal_msp.o
 .debug_abbrev  0x000000000000082e      0x2f2 build/stm32f1xx_hal.o
 .debug_abbrev  0x0000000000000b20      0x327 build/stm32f1xx_hal_rcc.o
 .debug_abbrev  0x0000000000000e47      0x2b3 build/stm32f1xx_hal_gpio.o
 .debug_abbrev  0x00000000000010fa      0x3c8 build/stm32f1xx_hal_cortex.o
 .debug_abbrev  0x00000000000014c2      0x32d build/stm32f1xx_hal_uart.o
 .debug_abbrev  0x00000000000017ef      0x1fe build/system_stm32f1xx.o
 .debug_abbrev  0x00000000000019ed      0x23b build/usart.o
 .debug_abbrev  0x0000000000001c28      0x275 build/uart.o
 .debug_abbrev  0x0000000000001e9d       0x12 build/startup_stm32f103xb.o
 .debug_abbrev  0x0000000000001eaf       0xcc /usr/lib/gcc/arm-none-eabi/9.2.1/../../../arm-none-eabi/lib/thumb/v7-m/nofp/libc_nano.a(lib_a-init.o)
 .debug_abbrev  0x0000000000001f7b      0x194 /usr/lib/gcc/arm-none-eabi/9.2.1/../../../arm-none-eabi/lib/thumb/v7-m/nofp/libc_nano.a(lib_a-strlen-stub.o)

.debug_loc      0x0000000000000000     0x3268
 .debug_loc     0x0000000000000000       0x59 build/main.o
 .debug_loc     0x0000000000000059       0x2c build/gpio.o
 .debug_loc     0x0000000000000085       0x20 build/stm32f1xx_it.o
 .debug_loc     0x00000000000000a5       0x2c build/stm32f1xx_hal_msp.o
 .debug_loc     0x00000000000000d1      0x1a8 build/stm32f1xx_hal.o
 .debug_loc     0x0000000000000279      0x651 build/stm32f1xx_hal_rcc.o
 .debug_loc     0x00000000000008ca      0x501 build/stm32f1xx_hal_gpio.o
 .debug_loc     0x0000000000000dcb      0x63d build/stm32f1xx_hal_cortex.o
 .debug_loc     0x0000000000001408     0x19c9 build/stm32f1xx_hal_uart.o
 .debug_loc     0x0000000000002dd1       0xdf build/system_stm32f1xx.o
 .debug_loc     0x0000000000002eb0       0xf8 build/usart.o
 .debug_loc     0x0000000000002fa8      0x1e1 build/uart.o
 .debug_loc     0x0000000000003189       0xba /usr/lib/gcc/arm-none-eabi/9.2.1/../../../arm-none-eabi/lib/thumb/v7-m/nofp/libc_nano.a(lib_a-init.o)
 .debug_loc     0x0000000000003243       0x25 /usr/lib/gcc/arm-none-eabi/9.2.1/../../../arm-none-eabi/lib/thumb/v7-m/nofp/libc_nano.a(lib_a-strlen-stub.o)

.debug_aranges  0x0000000000000000      0x5f8
 .debug_aranges
                0x0000000000000000       0x30 build/main.o
 .debug_aranges
                0x0000000000000030       0x20 build/gpio.o
 .debug_aranges
                0x0000000000000050       0x60 build/stm32f1xx_it.o
 .debug_aranges
                0x00000000000000b0       0x20 build/stm32f1xx_hal_msp.o
 .debug_aranges
                0x00000000000000d0       0xd0 build/stm32f1xx_hal.o
 .debug_aranges
                0x00000000000001a0       0x90 build/stm32f1xx_hal_rcc.o
 .debug_aranges
                0x0000000000000230       0x58 build/stm32f1xx_hal_gpio.o
 .debug_aranges
                0x0000000000000288       0x90 build/stm32f1xx_hal_cortex.o
 .debug_aranges
                0x0000000000000318      0x1d0 build/stm32f1xx_hal_uart.o
 .debug_aranges
                0x00000000000004e8       0x28 build/system_stm32f1xx.o
 .debug_aranges
                0x0000000000000510       0x30 build/usart.o
 .debug_aranges
                0x0000000000000540       0x50 build/uart.o
 .debug_aranges
                0x0000000000000590       0x28 build/startup_stm32f103xb.o
 .debug_aranges
                0x00000000000005b8       0x20 /usr/lib/gcc/arm-none-eabi/9.2.1/../../../arm-none-eabi/lib/thumb/v7-m/nofp/libc_nano.a(lib_a-init.o)
 .debug_aranges
                0x00000000000005d8       0x20 /usr/lib/gcc/arm-none-eabi/9.2.1/../../../arm-none-eabi/lib/thumb/v7-m/nofp/libc_nano.a(lib_a-strlen-stub.o)

.debug_ranges   0x0000000000000000      0x580
 .debug_ranges  0x0000000000000000       0x20 build/main.o
 .debug_ranges  0x0000000000000020       0x10 build/gpio.o
 .debug_ranges  0x0000000000000030       0x50 build/stm32f1xx_it.o
 .debug_ranges  0x0000000000000080       0x10 build/stm32f1xx_hal_msp.o
 .debug_ranges  0x0000000000000090       0xc0 build/stm32f1xx_hal.o
 .debug_ranges  0x0000000000000150       0xa0 build/stm32f1xx_hal_rcc.o
 .debug_ranges  0x00000000000001f0       0x48 build/stm32f1xx_hal_gpio.o
 .debug_ranges  0x0000000000000238       0xe0 build/stm32f1xx_hal_cortex.o
 .debug_ranges  0x0000000000000318      0x1c0 build/stm32f1xx_hal_uart.o
 .debug_ranges  0x00000000000004d8       0x18 build/system_stm32f1xx.o
 .debug_ranges  0x00000000000004f0       0x20 build/usart.o
 .debug_ranges  0x0000000000000510       0x40 build/uart.o
 .debug_ranges  0x0000000000000550       0x20 build/startup_stm32f103xb.o
 .debug_ranges  0x0000000000000570       0x10 /usr/lib/gcc/arm-none-eabi/9.2.1/../../../arm-none-eabi/lib/thumb/v7-m/nofp/libc_nano.a(lib_a-strlen-stub.o)

.debug_line     0x0000000000000000     0x2c7c
 .debug_line    0x0000000000000000      0x2d0 build/main.o
 .debug_line    0x00000000000002d0      0x196 build/gpio.o
 .debug_line    0x0000000000000466      0x282 build/stm32f1xx_it.o
 .debug_line    0x00000000000006e8      0x1a5 build/stm32f1xx_hal_msp.o
 .debug_line    0x000000000000088d      0x387 build/stm32f1xx_hal.o
 .debug_line    0x0000000000000c14      0x4eb build/stm32f1xx_hal_rcc.o
 .debug_line    0x00000000000010ff      0x395 build/stm32f1xx_hal_gpio.o
 .debug_line    0x0000000000001494      0x364 build/stm32f1xx_hal_cortex.o
 .debug_line    0x00000000000017f8      0xaf3 build/stm32f1xx_hal_uart.o
 .debug_line    0x00000000000022eb      0x1ee build/system_stm32f1xx.o
 .debug_line    0x00000000000024d9      0x250 build/usart.o
 .debug_line    0x0000000000002729      0x27f build/uart.o
 .debug_line    0x00000000000029a8       0x72 build/startup_stm32f103xb.o
 .debug_line    0x0000000000002a1a      0x114 /usr/lib/gcc/arm-none-eabi/9.2.1/../../../arm-none-eabi/lib/thumb/v7-m/nofp/libc_nano.a(lib_a-init.o)
 .debug_line    0x0000000000002b2e      0x14e /usr/lib/gcc/arm-none-eabi/9.2.1/../../../arm-none-eabi/lib/thumb/v7-m/nofp/libc_nano.a(lib_a-strlen-stub.o)

.debug_str      0x0000000000000000     0x2234
 .debug_str     0x0000000000000000      0xaec build/main.o
                                        0xbb9 (size before relaxing)
 .debug_str     0x0000000000000aec      0x155 build/gpio.o
                                        0x676 (size before relaxing)
 .debug_str     0x0000000000000c41       0xbf build/stm32f1xx_it.o
                                        0xa54 (size before relaxing)
 .debug_str     0x0000000000000d00       0x57 build/stm32f1xx_hal_msp.o
                                        0x6b0 (size before relaxing)
 .debug_str     0x0000000000000d57      0x548 build/stm32f1xx_hal.o
                                        0xc02 (size before relaxing)
 .debug_str     0x000000000000129f      0x22d build/stm32f1xx_hal_rcc.o
                                        0xa6e (size before relaxing)
 .debug_str     0x00000000000014cc      0x15c build/stm32f1xx_hal_gpio.o
                                        0x897 (size before relaxing)
 .debug_str     0x0000000000001628      0x2ce build/stm32f1xx_hal_cortex.o
                                        0xd2a (size before relaxing)
 .debug_str     0x00000000000018f6      0x579 build/stm32f1xx_hal_uart.o
                                        0xfdf (size before relaxing)
 .debug_str     0x0000000000001e6f       0x4f build/system_stm32f1xx.o
                                        0x705 (size before relaxing)
 .debug_str     0x0000000000001ebe       0x2c build/usart.o
                                        0xadd (size before relaxing)
 .debug_str     0x0000000000001eea       0x8c build/uart.o
                                        0xa9a (size before relaxing)
 .debug_str     0x0000000000001f76       0x22 build/startup_stm32f103xb.o
                                         0x97 (size before relaxing)
 .debug_str     0x0000000000001f98      0x17f /usr/lib/gcc/arm-none-eabi/9.2.1/../../../arm-none-eabi/lib/thumb/v7-m/nofp/libc_nano.a(lib_a-init.o)
                                        0x221 (size before relaxing)
 .debug_str     0x0000000000002117      0x11d /usr/lib/gcc/arm-none-eabi/9.2.1/../../../arm-none-eabi/lib/thumb/v7-m/nofp/libc_nano.a(lib_a-strlen-stub.o)
                                        0x5f0 (size before relaxing)

.debug_frame    0x0000000000000000      0xe18
 .debug_frame   0x0000000000000000       0x58 build/main.o
 .debug_frame   0x0000000000000058       0x28 build/gpio.o
 .debug_frame   0x0000000000000080       0xac build/stm32f1xx_it.o
 .debug_frame   0x000000000000012c       0x28 build/stm32f1xx_hal_msp.o
 .debug_frame   0x0000000000000154      0x1c0 build/stm32f1xx_hal.o
 .debug_frame   0x0000000000000314      0x18c build/stm32f1xx_hal_rcc.o
 .debug_frame   0x00000000000004a0      0x104 build/stm32f1xx_hal_gpio.o
 .debug_frame   0x00000000000005a4      0x13c build/stm32f1xx_hal_cortex.o
 .debug_frame   0x00000000000006e0      0x57c build/stm32f1xx_hal_uart.o
 .debug_frame   0x0000000000000c5c       0x30 build/system_stm32f1xx.o
 .debug_frame   0x0000000000000c8c       0x6c build/usart.o
 .debug_frame   0x0000000000000cf8       0xd4 build/uart.o
 .debug_frame   0x0000000000000dcc       0x2c /usr/lib/gcc/arm-none-eabi/9.2.1/../../../arm-none-eabi/lib/thumb/v7-m/nofp/libc_nano.a(lib_a-init.o)
 .debug_frame   0x0000000000000df8       0x20 /usr/lib/gcc/arm-none-eabi/9.2.1/../../../arm-none-eabi/lib/thumb/v7-m/nofp/libc_nano.a(lib_a-strlen-stub.o)

Cross Reference Table

Symbol                                            File
ADC1_2_IRQHandler                                 build/startup_stm32f103xb.o
AHBPrescTable                                     build/system_stm32f1xx.o
                                                  build/stm32f1xx_hal_rcc.o
APBPrescTable                                     build/system_stm32f1xx.o
                                                  build/stm32f1xx_hal_rcc.o
BusFault_Handler                                  build/stm32f1xx_it.o
CAN1_RX1_IRQHandler                               build/startup_stm32f103xb.o
CAN1_SCE_IRQHandler                               build/startup_stm32f103xb.o
DMA1_Channel1_IRQHandler                          build/startup_stm32f103xb.o
DMA1_Channel2_IRQHandler                          build/startup_stm32f103xb.o
DMA1_Channel3_IRQHandler                          build/startup_stm32f103xb.o
DMA1_Channel4_IRQHandler                          build/startup_stm32f103xb.o
DMA1_Channel5_IRQHandler                          build/startup_stm32f103xb.o
DMA1_Channel6_IRQHandler                          build/startup_stm32f103xb.o
DMA1_Channel7_IRQHandler                          build/startup_stm32f103xb.o
DebugMon_Handler                                  build/stm32f1xx_it.o
Default_Handler                                   build/startup_stm32f103xb.o
EXTI0_IRQHandler                                  build/startup_stm32f103xb.o
EXTI15_10_IRQHandler                              build/startup_stm32f103xb.o
EXTI1_IRQHandler                                  build/startup_stm32f103xb.o
EXTI2_IRQHandler                                  build/startup_stm32f103xb.o
EXTI3_IRQHandler                                  build/startup_stm32f103xb.o
EXTI4_IRQHandler                                  build/startup_stm32f103xb.o
EXTI9_5_IRQHandler                                build/startup_stm32f103xb.o
Error_Handler                                     build/main.o
                                                  build/uart.o
                                                  build/usart.o
FLASH_IRQHandler                                  build/startup_stm32f103xb.o
FLASH_PageErase                                   build/stm32f1xx_hal_flash_ex.o
                                                  build/stm32f1xx_hal_flash.o
FLASH_WaitForLastOperation                        build/stm32f1xx_hal_flash.o
                                                  build/stm32f1xx_hal_flash_ex.o
HAL_DBGMCU_DisableDBGSleepMode                    build/stm32f1xx_hal.o
HAL_DBGMCU_DisableDBGStandbyMode                  build/stm32f1xx_hal.o
HAL_DBGMCU_DisableDBGStopMode                     build/stm32f1xx_hal.o
HAL_DBGMCU_EnableDBGSleepMode                     build/stm32f1xx_hal.o
HAL_DBGMCU_EnableDBGStandbyMode                   build/stm32f1xx_hal.o
HAL_DBGMCU_EnableDBGStopMode                      build/stm32f1xx_hal.o
HAL_DMA_Abort                                     build/stm32f1xx_hal_dma.o
                                                  build/stm32f1xx_hal_uart.o
HAL_DMA_Abort_IT                                  build/stm32f1xx_hal_dma.o
                                                  build/stm32f1xx_hal_uart.o
HAL_DMA_DeInit                                    build/stm32f1xx_hal_dma.o
HAL_DMA_GetError                                  build/stm32f1xx_hal_dma.o
HAL_DMA_GetState                                  build/stm32f1xx_hal_dma.o
HAL_DMA_IRQHandler                                build/stm32f1xx_hal_dma.o
HAL_DMA_Init                                      build/stm32f1xx_hal_dma.o
HAL_DMA_PollForTransfer                           build/stm32f1xx_hal_dma.o
HAL_DMA_RegisterCallback                          build/stm32f1xx_hal_dma.o
HAL_DMA_Start                                     build/stm32f1xx_hal_dma.o
HAL_DMA_Start_IT                                  build/stm32f1xx_hal_dma.o
                                                  build/stm32f1xx_hal_uart.o
HAL_DMA_UnRegisterCallback                        build/stm32f1xx_hal_dma.o
HAL_DeInit                                        build/stm32f1xx_hal.o
HAL_Delay                                         build/stm32f1xx_hal.o
                                                  build/main.o
HAL_FLASHEx_Erase                                 build/stm32f1xx_hal_flash_ex.o
HAL_FLASHEx_Erase_IT                              build/stm32f1xx_hal_flash_ex.o
HAL_FLASHEx_OBErase                               build/stm32f1xx_hal_flash_ex.o
HAL_FLASHEx_OBGetConfig                           build/stm32f1xx_hal_flash_ex.o
HAL_FLASHEx_OBGetUserData                         build/stm32f1xx_hal_flash_ex.o
HAL_FLASHEx_OBProgram                             build/stm32f1xx_hal_flash_ex.o
HAL_FLASH_EndOfOperationCallback                  build/stm32f1xx_hal_flash.o
HAL_FLASH_GetError                                build/stm32f1xx_hal_flash.o
HAL_FLASH_IRQHandler                              build/stm32f1xx_hal_flash.o
HAL_FLASH_Lock                                    build/stm32f1xx_hal_flash.o
HAL_FLASH_OB_Launch                               build/stm32f1xx_hal_flash.o
HAL_FLASH_OB_Lock                                 build/stm32f1xx_hal_flash.o
HAL_FLASH_OB_Unlock                               build/stm32f1xx_hal_flash.o
HAL_FLASH_OperationErrorCallback                  build/stm32f1xx_hal_flash.o
HAL_FLASH_Program                                 build/stm32f1xx_hal_flash.o
HAL_FLASH_Program_IT                              build/stm32f1xx_hal_flash.o
HAL_FLASH_Unlock                                  build/stm32f1xx_hal_flash.o
HAL_GPIOEx_ConfigEventout                         build/stm32f1xx_hal_gpio_ex.o
HAL_GPIOEx_DisableEventout                        build/stm32f1xx_hal_gpio_ex.o
HAL_GPIOEx_EnableEventout                         build/stm32f1xx_hal_gpio_ex.o
HAL_GPIO_DeInit                                   build/stm32f1xx_hal_gpio.o
                                                  build/usart.o
HAL_GPIO_EXTI_Callback                            build/stm32f1xx_hal_gpio.o
HAL_GPIO_EXTI_IRQHandler                          build/stm32f1xx_hal_gpio.o
HAL_GPIO_Init                                     build/stm32f1xx_hal_gpio.o
                                                  build/usart.o
                                                  build/stm32f1xx_hal_rcc.o
HAL_GPIO_LockPin                                  build/stm32f1xx_hal_gpio.o
HAL_GPIO_ReadPin                                  build/stm32f1xx_hal_gpio.o
HAL_GPIO_TogglePin                                build/stm32f1xx_hal_gpio.o
HAL_GPIO_WritePin                                 build/stm32f1xx_hal_gpio.o
HAL_GetDEVID                                      build/stm32f1xx_hal.o
HAL_GetHalVersion                                 build/stm32f1xx_hal.o
HAL_GetREVID                                      build/stm32f1xx_hal.o
HAL_GetTick                                       build/stm32f1xx_hal.o
                                                  build/stm32f1xx_hal_uart.o
                                                  build/stm32f1xx_hal_flash.o
                                                  build/stm32f1xx_hal_dma.o
                                                  build/stm32f1xx_hal_rcc_ex.o
                                                  build/stm32f1xx_hal_rcc.o
HAL_GetTickFreq                                   build/stm32f1xx_hal.o
HAL_GetTickPrio                                   build/stm32f1xx_hal.o
HAL_GetUID                                        build/stm32f1xx_hal.o
HAL_HalfDuplex_EnableReceiver                     build/stm32f1xx_hal_uart.o
HAL_HalfDuplex_EnableTransmitter                  build/stm32f1xx_hal_uart.o
HAL_HalfDuplex_Init                               build/stm32f1xx_hal_uart.o
HAL_IncTick                                       build/stm32f1xx_hal.o
                                                  build/stm32f1xx_it.o
HAL_Init                                          build/stm32f1xx_hal.o
                                                  build/main.o
HAL_InitTick                                      build/stm32f1xx_hal.o
                                                  build/stm32f1xx_hal_rcc.o
HAL_LIN_Init                                      build/stm32f1xx_hal_uart.o
HAL_LIN_SendBreak                                 build/stm32f1xx_hal_uart.o
HAL_MspDeInit                                     build/stm32f1xx_hal.o
HAL_MspInit                                       build/stm32f1xx_hal_msp.o
HAL_MultiProcessor_EnterMuteMode                  build/stm32f1xx_hal_uart.o
HAL_MultiProcessor_ExitMuteMode                   build/stm32f1xx_hal_uart.o
HAL_MultiProcessor_Init                           build/stm32f1xx_hal_uart.o
HAL_NVIC_ClearPendingIRQ                          build/stm32f1xx_hal_cortex.o
HAL_NVIC_DisableIRQ                               build/stm32f1xx_hal_cortex.o
HAL_NVIC_EnableIRQ                                build/stm32f1xx_hal_cortex.o
HAL_NVIC_GetActive                                build/stm32f1xx_hal_cortex.o
HAL_NVIC_GetPendingIRQ                            build/stm32f1xx_hal_cortex.o
HAL_NVIC_GetPriority                              build/stm32f1xx_hal_cortex.o
HAL_NVIC_GetPriorityGrouping                      build/stm32f1xx_hal_cortex.o
HAL_NVIC_SetPendingIRQ                            build/stm32f1xx_hal_cortex.o
HAL_NVIC_SetPriority                              build/stm32f1xx_hal_cortex.o
                                                  build/stm32f1xx_hal.o
HAL_NVIC_SetPriorityGrouping                      build/stm32f1xx_hal_cortex.o
                                                  build/stm32f1xx_hal.o
HAL_NVIC_SystemReset                              build/stm32f1xx_hal_cortex.o
                                                  build/stm32f1xx_hal_flash.o
HAL_PWR_ConfigPVD                                 build/stm32f1xx_hal_pwr.o
HAL_PWR_DeInit                                    build/stm32f1xx_hal_pwr.o
HAL_PWR_DisableBkUpAccess                         build/stm32f1xx_hal_pwr.o
HAL_PWR_DisablePVD                                build/stm32f1xx_hal_pwr.o
HAL_PWR_DisableSEVOnPend                          build/stm32f1xx_hal_pwr.o
HAL_PWR_DisableSleepOnExit                        build/stm32f1xx_hal_pwr.o
HAL_PWR_DisableWakeUpPin                          build/stm32f1xx_hal_pwr.o
HAL_PWR_EnableBkUpAccess                          build/stm32f1xx_hal_pwr.o
HAL_PWR_EnablePVD                                 build/stm32f1xx_hal_pwr.o
HAL_PWR_EnableSEVOnPend                           build/stm32f1xx_hal_pwr.o
HAL_PWR_EnableSleepOnExit                         build/stm32f1xx_hal_pwr.o
HAL_PWR_EnableWakeUpPin                           build/stm32f1xx_hal_pwr.o
HAL_PWR_EnterSLEEPMode                            build/stm32f1xx_hal_pwr.o
HAL_PWR_EnterSTANDBYMode                          build/stm32f1xx_hal_pwr.o
HAL_PWR_EnterSTOPMode                             build/stm32f1xx_hal_pwr.o
HAL_PWR_PVDCallback                               build/stm32f1xx_hal_pwr.o
HAL_PWR_PVD_IRQHandler                            build/stm32f1xx_hal_pwr.o
HAL_RCCEx_GetPeriphCLKConfig                      build/stm32f1xx_hal_rcc_ex.o
HAL_RCCEx_GetPeriphCLKFreq                        build/stm32f1xx_hal_rcc_ex.o
HAL_RCCEx_PeriphCLKConfig                         build/stm32f1xx_hal_rcc_ex.o
HAL_RCC_CSSCallback                               build/stm32f1xx_hal_rcc.o
HAL_RCC_ClockConfig                               build/stm32f1xx_hal_rcc.o
                                                  build/main.o
HAL_RCC_DeInit                                    build/stm32f1xx_hal_rcc.o
HAL_RCC_DisableCSS                                build/stm32f1xx_hal_rcc.o
HAL_RCC_EnableCSS                                 build/stm32f1xx_hal_rcc.o
HAL_RCC_GetClockConfig                            build/stm32f1xx_hal_rcc.o
HAL_RCC_GetHCLKFreq                               build/stm32f1xx_hal_rcc.o
HAL_RCC_GetOscConfig                              build/stm32f1xx_hal_rcc.o
HAL_RCC_GetPCLK1Freq                              build/stm32f1xx_hal_rcc.o
                                                  build/stm32f1xx_hal_uart.o
HAL_RCC_GetPCLK2Freq                              build/stm32f1xx_hal_rcc.o
                                                  build/stm32f1xx_hal_uart.o
                                                  build/stm32f1xx_hal_rcc_ex.o
HAL_RCC_GetSysClockFreq                           build/stm32f1xx_hal_rcc.o
HAL_RCC_MCOConfig                                 build/stm32f1xx_hal_rcc.o
HAL_RCC_NMI_IRQHandler                            build/stm32f1xx_hal_rcc.o
HAL_RCC_OscConfig                                 build/stm32f1xx_hal_rcc.o
                                                  build/main.o
HAL_ResumeTick                                    build/stm32f1xx_hal.o
HAL_SYSTICK_CLKSourceConfig                       build/stm32f1xx_hal_cortex.o
HAL_SYSTICK_Callback                              build/stm32f1xx_hal_cortex.o
HAL_SYSTICK_Config                                build/stm32f1xx_hal_cortex.o
                                                  build/stm32f1xx_hal.o
HAL_SYSTICK_IRQHandler                            build/stm32f1xx_hal_cortex.o
HAL_SetTickFreq                                   build/stm32f1xx_hal.o
HAL_SuspendTick                                   build/stm32f1xx_hal.o
HAL_UART_Abort                                    build/stm32f1xx_hal_uart.o
HAL_UART_AbortCpltCallback                        build/stm32f1xx_hal_uart.o
HAL_UART_AbortReceive                             build/stm32f1xx_hal_uart.o
HAL_UART_AbortReceiveCpltCallback                 build/stm32f1xx_hal_uart.o
HAL_UART_AbortReceive_IT                          build/stm32f1xx_hal_uart.o
HAL_UART_AbortTransmit                            build/stm32f1xx_hal_uart.o
HAL_UART_AbortTransmitCpltCallback                build/stm32f1xx_hal_uart.o
HAL_UART_AbortTransmit_IT                         build/stm32f1xx_hal_uart.o
HAL_UART_Abort_IT                                 build/stm32f1xx_hal_uart.o
HAL_UART_DMAPause                                 build/stm32f1xx_hal_uart.o
HAL_UART_DMAResume                                build/stm32f1xx_hal_uart.o
HAL_UART_DMAStop                                  build/stm32f1xx_hal_uart.o
HAL_UART_DeInit                                   build/stm32f1xx_hal_uart.o
HAL_UART_ErrorCallback                            build/stm32f1xx_hal_uart.o
HAL_UART_GetError                                 build/stm32f1xx_hal_uart.o
HAL_UART_GetState                                 build/stm32f1xx_hal_uart.o
HAL_UART_IRQHandler                               build/stm32f1xx_hal_uart.o
HAL_UART_Init                                     build/stm32f1xx_hal_uart.o
                                                  build/uart.o
                                                  build/usart.o
HAL_UART_MspDeInit                                build/usart.o
                                                  build/stm32f1xx_hal_uart.o
HAL_UART_MspInit                                  build/usart.o
                                                  build/stm32f1xx_hal_uart.o
HAL_UART_Receive                                  build/stm32f1xx_hal_uart.o
HAL_UART_Receive_DMA                              build/stm32f1xx_hal_uart.o
HAL_UART_Receive_IT                               build/stm32f1xx_hal_uart.o
HAL_UART_RxCpltCallback                           build/stm32f1xx_hal_uart.o
HAL_UART_RxHalfCpltCallback                       build/stm32f1xx_hal_uart.o
HAL_UART_Transmit                                 build/stm32f1xx_hal_uart.o
                                                  build/uart.o
HAL_UART_Transmit_DMA                             build/stm32f1xx_hal_uart.o
HAL_UART_Transmit_IT                              build/stm32f1xx_hal_uart.o
HAL_UART_TxCpltCallback                           build/stm32f1xx_hal_uart.o
HAL_UART_TxHalfCpltCallback                       build/stm32f1xx_hal_uart.o
HardFault_Handler                                 build/stm32f1xx_it.o
I2C1_ER_IRQHandler                                build/startup_stm32f103xb.o
I2C1_EV_IRQHandler                                build/startup_stm32f103xb.o
I2C2_ER_IRQHandler                                build/startup_stm32f103xb.o
I2C2_EV_IRQHandler                                build/startup_stm32f103xb.o
MX_GPIO_Init                                      build/gpio.o
                                                  build/main.o
MX_USART1_UART_Init                               build/usart.o
                                                  build/main.o
MemManage_Handler                                 build/stm32f1xx_it.o
NMI_Handler                                       build/stm32f1xx_it.o
PVD_IRQHandler                                    build/startup_stm32f103xb.o
PendSV_Handler                                    build/stm32f1xx_it.o
RCC_IRQHandler                                    build/startup_stm32f103xb.o
RTC_Alarm_IRQHandler                              build/startup_stm32f103xb.o
RTC_IRQHandler                                    build/startup_stm32f103xb.o
Reset_Handler                                     build/startup_stm32f103xb.o
SPI1_IRQHandler                                   build/startup_stm32f103xb.o
SPI2_IRQHandler                                   build/startup_stm32f103xb.o
SVC_Handler                                       build/stm32f1xx_it.o
SysTick_Handler                                   build/stm32f1xx_it.o
SystemClock_Config                                build/main.o
SystemCoreClock                                   build/system_stm32f1xx.o
                                                  build/stm32f1xx_hal_rcc.o
                                                  build/stm32f1xx_hal.o
SystemCoreClockUpdate                             build/system_stm32f1xx.o
SystemInit                                        build/system_stm32f1xx.o
                                                  build/startup_stm32f103xb.o
TAMPER_IRQHandler                                 build/startup_stm32f103xb.o
TIM1_BRK_IRQHandler                               build/startup_stm32f103xb.o
TIM1_CC_IRQHandler                                build/startup_stm32f103xb.o
TIM1_TRG_COM_IRQHandler                           build/startup_stm32f103xb.o
TIM1_UP_IRQHandler                                build/startup_stm32f103xb.o
TIM2_IRQHandler                                   build/startup_stm32f103xb.o
TIM3_IRQHandler                                   build/startup_stm32f103xb.o
TIM4_IRQHandler                                   build/startup_stm32f103xb.o
UART_Init                                         build/uart.o
USART1_IRQHandler                                 build/startup_stm32f103xb.o
USART2_IRQHandler                                 build/startup_stm32f103xb.o
USART3_IRQHandler                                 build/startup_stm32f103xb.o
USBWakeUp_IRQHandler                              build/startup_stm32f103xb.o
USB_HP_CAN1_TX_IRQHandler                         build/startup_stm32f103xb.o
USB_LP_CAN1_RX0_IRQHandler                        build/startup_stm32f103xb.o
UsageFault_Handler                                build/stm32f1xx_it.o
WWDG_IRQHandler                                   build/startup_stm32f103xb.o
_ITM_deregisterTMCloneTable                       /usr/lib/gcc/arm-none-eabi/9.2.1/thumb/v7-m/nofp/crtbegin.o
_ITM_registerTMCloneTable                         /usr/lib/gcc/arm-none-eabi/9.2.1/thumb/v7-m/nofp/crtbegin.o
__TMC_END__                                       /usr/lib/gcc/arm-none-eabi/9.2.1/thumb/v7-m/nofp/crtend.o
                                                  /usr/lib/gcc/arm-none-eabi/9.2.1/thumb/v7-m/nofp/crtbegin.o
__atexit_dummy                                    /usr/lib/gcc/arm-none-eabi/9.2.1/../../../arm-none-eabi/lib/thumb/v7-m/nofp/libc_nano.a(lib_a-__atexit.o)
__bss_end__                                       /usr/lib/gcc/arm-none-eabi/9.2.1/../../../arm-none-eabi/lib/thumb/v7-m/nofp/crt0.o
__bss_start__                                     /usr/lib/gcc/arm-none-eabi/9.2.1/../../../arm-none-eabi/lib/thumb/v7-m/nofp/crt0.o
__call_exitprocs                                  /usr/lib/gcc/arm-none-eabi/9.2.1/../../../arm-none-eabi/lib/thumb/v7-m/nofp/libc_nano.a(lib_a-__call_atexit.o)
                                                  /usr/lib/gcc/arm-none-eabi/9.2.1/../../../arm-none-eabi/lib/thumb/v7-m/nofp/libc_nano.a(lib_a-__atexit.o)
                                                  /usr/lib/gcc/arm-none-eabi/9.2.1/../../../arm-none-eabi/lib/thumb/v7-m/nofp/libc_nano.a(lib_a-exit.o)
__deregister_frame_info                           /usr/lib/gcc/arm-none-eabi/9.2.1/thumb/v7-m/nofp/crtbegin.o
__dso_handle                                      /usr/lib/gcc/arm-none-eabi/9.2.1/thumb/v7-m/nofp/crtbegin.o
__fini_array_end                                  /usr/lib/gcc/arm-none-eabi/9.2.1/../../../arm-none-eabi/lib/thumb/v7-m/nofp/libc_nano.a(lib_a-fini.o)
__fini_array_start                                /usr/lib/gcc/arm-none-eabi/9.2.1/../../../arm-none-eabi/lib/thumb/v7-m/nofp/libc_nano.a(lib_a-fini.o)
__init_array_end                                  /usr/lib/gcc/arm-none-eabi/9.2.1/../../../arm-none-eabi/lib/thumb/v7-m/nofp/libc_nano.a(lib_a-init.o)
__init_array_start                                /usr/lib/gcc/arm-none-eabi/9.2.1/../../../arm-none-eabi/lib/thumb/v7-m/nofp/libc_nano.a(lib_a-init.o)
__itoa                                            /usr/lib/gcc/arm-none-eabi/9.2.1/../../../arm-none-eabi/lib/thumb/v7-m/nofp/libc_nano.a(lib_a-itoa.o)
__libc_fini_array                                 /usr/lib/gcc/arm-none-eabi/9.2.1/../../../arm-none-eabi/lib/thumb/v7-m/nofp/libc_nano.a(lib_a-fini.o)
                                                  /usr/lib/gcc/arm-none-eabi/9.2.1/../../../arm-none-eabi/lib/thumb/v7-m/nofp/crt0.o
__libc_init_array                                 /usr/lib/gcc/arm-none-eabi/9.2.1/../../../arm-none-eabi/lib/thumb/v7-m/nofp/libc_nano.a(lib_a-init.o)
                                                  build/startup_stm32f103xb.o
                                                  /usr/lib/gcc/arm-none-eabi/9.2.1/../../../arm-none-eabi/lib/thumb/v7-m/nofp/crt0.o
__on_exit_args                                    /usr/lib/gcc/arm-none-eabi/9.2.1/../../../arm-none-eabi/lib/thumb/v7-m/nofp/libc_nano.a(lib_a-__atexit.o)
__preinit_array_end                               /usr/lib/gcc/arm-none-eabi/9.2.1/../../../arm-none-eabi/lib/thumb/v7-m/nofp/libc_nano.a(lib_a-init.o)
__preinit_array_start                             /usr/lib/gcc/arm-none-eabi/9.2.1/../../../arm-none-eabi/lib/thumb/v7-m/nofp/libc_nano.a(lib_a-init.o)
__register_exitproc                               /usr/lib/gcc/arm-none-eabi/9.2.1/../../../arm-none-eabi/lib/thumb/v7-m/nofp/libc_nano.a(lib_a-__atexit.o)
                                                  /usr/lib/gcc/arm-none-eabi/9.2.1/../../../arm-none-eabi/lib/thumb/v7-m/nofp/libc_nano.a(lib_a-atexit.o)
__register_frame_info                             /usr/lib/gcc/arm-none-eabi/9.2.1/thumb/v7-m/nofp/crtbegin.o
__sf_fake_stderr                                  /usr/lib/gcc/arm-none-eabi/9.2.1/../../../arm-none-eabi/lib/thumb/v7-m/nofp/libc_nano.a(lib_a-impure.o)
__sf_fake_stdin                                   /usr/lib/gcc/arm-none-eabi/9.2.1/../../../arm-none-eabi/lib/thumb/v7-m/nofp/libc_nano.a(lib_a-impure.o)
__sf_fake_stdout                                  /usr/lib/gcc/arm-none-eabi/9.2.1/../../../arm-none-eabi/lib/thumb/v7-m/nofp/libc_nano.a(lib_a-impure.o)
__stack                                           /usr/lib/gcc/arm-none-eabi/9.2.1/../../../arm-none-eabi/lib/thumb/v7-m/nofp/crt0.o
__utoa                                            /usr/lib/gcc/arm-none-eabi/9.2.1/../../../arm-none-eabi/lib/thumb/v7-m/nofp/libc_nano.a(lib_a-utoa.o)
                                                  /usr/lib/gcc/arm-none-eabi/9.2.1/../../../arm-none-eabi/lib/thumb/v7-m/nofp/libc_nano.a(lib_a-itoa.o)
_ebss                                             build/startup_stm32f103xb.o
_edata                                            build/startup_stm32f103xb.o
_estack                                           build/startup_stm32f103xb.o
_exit                                             /usr/lib/gcc/arm-none-eabi/9.2.1/../../../arm-none-eabi/lib/thumb/v7-m/nofp/libnosys.a(_exit.o)
                                                  /usr/lib/gcc/arm-none-eabi/9.2.1/../../../arm-none-eabi/lib/thumb/v7-m/nofp/libc_nano.a(lib_a-exit.o)
_fini                                             /usr/lib/gcc/arm-none-eabi/9.2.1/thumb/v7-m/nofp/crti.o
                                                  /usr/lib/gcc/arm-none-eabi/9.2.1/../../../arm-none-eabi/lib/thumb/v7-m/nofp/libc_nano.a(lib_a-fini.o)
_global_atexit                                    /usr/lib/gcc/arm-none-eabi/9.2.1/../../../arm-none-eabi/lib/thumb/v7-m/nofp/libc_nano.a(lib_a-__call_atexit.o)
                                                  /usr/lib/gcc/arm-none-eabi/9.2.1/../../../arm-none-eabi/lib/thumb/v7-m/nofp/libc_nano.a(lib_a-__atexit.o)
_global_impure_ptr                                /usr/lib/gcc/arm-none-eabi/9.2.1/../../../arm-none-eabi/lib/thumb/v7-m/nofp/libc_nano.a(lib_a-impure.o)
                                                  /usr/lib/gcc/arm-none-eabi/9.2.1/../../../arm-none-eabi/lib/thumb/v7-m/nofp/libc_nano.a(lib_a-exit.o)
_impure_ptr                                       /usr/lib/gcc/arm-none-eabi/9.2.1/../../../arm-none-eabi/lib/thumb/v7-m/nofp/libc_nano.a(lib_a-impure.o)
_init                                             /usr/lib/gcc/arm-none-eabi/9.2.1/thumb/v7-m/nofp/crti.o
                                                  /usr/lib/gcc/arm-none-eabi/9.2.1/../../../arm-none-eabi/lib/thumb/v7-m/nofp/libc_nano.a(lib_a-init.o)
_mainCRTStartup                                   /usr/lib/gcc/arm-none-eabi/9.2.1/../../../arm-none-eabi/lib/thumb/v7-m/nofp/crt0.o
_sbss                                             build/startup_stm32f103xb.o
_sdata                                            build/startup_stm32f103xb.o
_sidata                                           build/startup_stm32f103xb.o
_stack_init                                       /usr/lib/gcc/arm-none-eabi/9.2.1/../../../arm-none-eabi/lib/thumb/v7-m/nofp/crt0.o
_start                                            /usr/lib/gcc/arm-none-eabi/9.2.1/../../../arm-none-eabi/lib/thumb/v7-m/nofp/crt0.o
atexit                                            /usr/lib/gcc/arm-none-eabi/9.2.1/../../../arm-none-eabi/lib/thumb/v7-m/nofp/libc_nano.a(lib_a-atexit.o)
                                                  /usr/lib/gcc/arm-none-eabi/9.2.1/../../../arm-none-eabi/lib/thumb/v7-m/nofp/crt0.o
exit                                              /usr/lib/gcc/arm-none-eabi/9.2.1/../../../arm-none-eabi/lib/thumb/v7-m/nofp/libc_nano.a(lib_a-exit.o)
                                                  /usr/lib/gcc/arm-none-eabi/9.2.1/../../../arm-none-eabi/lib/thumb/v7-m/nofp/crt0.o
g_pfnVectors                                      build/startup_stm32f103xb.o
hardware_init_hook                                /usr/lib/gcc/arm-none-eabi/9.2.1/../../../arm-none-eabi/lib/thumb/v7-m/nofp/crt0.o
huart1                                            build/uart.o
                                                  build/usart.o
                                                  build/stm32f1xx_it.o
                                                  build/main.o
itoa                                              /usr/lib/gcc/arm-none-eabi/9.2.1/../../../arm-none-eabi/lib/thumb/v7-m/nofp/libc_nano.a(lib_a-itoa.o)
                                                  build/uart.o
main                                              build/main.o
                                                  build/startup_stm32f103xb.o
                                                  /usr/lib/gcc/arm-none-eabi/9.2.1/../../../arm-none-eabi/lib/thumb/v7-m/nofp/crt0.o
malloc                                            /usr/lib/gcc/arm-none-eabi/9.2.1/../../../arm-none-eabi/lib/thumb/v7-m/nofp/libc_nano.a(lib_a-__atexit.o)
memset                                            /usr/lib/gcc/arm-none-eabi/9.2.1/../../../arm-none-eabi/lib/thumb/v7-m/nofp/libc_nano.a(lib_a-memset.o)
                                                  /usr/lib/gcc/arm-none-eabi/9.2.1/../../../arm-none-eabi/lib/thumb/v7-m/nofp/crt0.o
pFlash                                            build/stm32f1xx_hal_flash.o
                                                  build/stm32f1xx_hal_flash_ex.o
software_init_hook                                /usr/lib/gcc/arm-none-eabi/9.2.1/../../../arm-none-eabi/lib/thumb/v7-m/nofp/crt0.o
strlen                                            /usr/lib/gcc/arm-none-eabi/9.2.1/../../../arm-none-eabi/lib/thumb/v7-m/nofp/libc_nano.a(lib_a-strlen-stub.o)
                                                  build/uart.o
uart_print                                        build/uart.o
                                                  build/main.o
uart_print_int                                    build/uart.o
uart_println                                      build/uart.o
uart_println_int                                  build/uart.o
uart_put_char                                     build/uart.o
uart_put_char16                                   build/uart.o
utoa                                              /usr/lib/gcc/arm-none-eabi/9.2.1/../../../arm-none-eabi/lib/thumb/v7-m/nofp/libc_nano.a(lib_a-utoa.o)
uwTick                                            build/stm32f1xx_hal.o
uwTickFreq                                        build/stm32f1xx_hal.o
uwTickPrio                                        build/stm32f1xx_hal.o
